{"level":"info","ts":1778841984.0492456,"caller":"crypto/event_processor.go:239","msg":"payment created","payment_id":"019e2b3e-9c31-73ca-8f66-c743f99fb8bc","invoice_id":"019e2b3e-9c31-73c7-a626-77a2754b8c4a","tx_hash":"0xtesthash_019e2b3e","amount":"5000000"}
{"level":"info","ts":1778841984.0497775,"caller":"crypto/payment_fsm.go:113","msg":"payment status transition","payment_id":"019e2b3e-9c31-73ca-8f66-c743f99fb8bc","from_status":"detected","to_status":"confirming","event_type":"first_confirmation"}
--- FAIL: TestPaymentCycle_FullFlow (0.00s)
    payment_cycle_test.go:389: Step 4 (19 confirmations): post payment: INTERNAL_ERROR: ╨Т╨╜╤Г╤В╤А╨╡╨╜╨╜╤П╤П ╨╛╤И╨╕╨▒╨║╨░ ╤Б╨╡╤А╨▓╨╡╤А╨░. ╨Ю╨▒╤А╨░╤В╨╕╤В╨╡╤Б╤М ╨║ ╨░╨┤╨╝╨╕╨╜╨╕╤Б╤В╤А╨░╤В╨╛╤А╤Г. (caused by: transaction manager not found in context)
{"level":"info","ts":1778841984.0497775,"caller":"crypto/event_processor.go:239","msg":"payment created","payment_id":"019e2b3e-9c31-7be4-b958-b58d06df8752","invoice_id":"019e2b3e-9c31-7be1-b48c-e58286423cc4","tx_hash":"0xtesthash_019e2b3e","amount":"5000000"}
{"level":"info","ts":1778841984.0497775,"caller":"crypto/payment_fsm.go:113","msg":"payment status transition","payment_id":"019e2b3e-9c31-7be4-b958-b58d06df8752","from_status":"detected","to_status":"confirming","event_type":"first_confirmation"}
--- FAIL: TestPaymentCycle_ZeroThreshold_ImmediateSweep (0.00s)
    payment_cycle_test.go:446: ProcessEvent: post payment: INTERNAL_ERROR: ╨Т╨╜╤Г╤В╤А╨╡╨╜╨╜╤П╤П ╨╛╤И╨╕╨▒╨║╨░ ╤Б╨╡╤А╨▓╨╡╤А╨░. ╨Ю╨▒╤А╨░╤В╨╕╤В╨╡╤Б╤М ╨║ ╨░╨┤╨╝╨╕╨╜╨╕╤Б╤В╤А╨░╤В╨╛╤А╤Г. (caused by: transaction manager not found in context)
{"level":"info","ts":1778841984.0497775,"caller":"crypto/event_processor.go:239","msg":"payment created","payment_id":"019e2b3e-9c31-7bf5-8132-7bd7e409fc03","invoice_id":"019e2b3e-9c31-7bf2-9e26-14c65b319a73","tx_hash":"0xtesthash_019e2b3e","amount":"5000000"}
{"level":"info","ts":1778841984.0497775,"caller":"crypto/payment_fsm.go:113","msg":"payment status transition","payment_id":"019e2b3e-9c31-7bf5-8132-7bd7e409fc03","from_status":"detected","to_status":"confirming","event_type":"first_confirmation"}
{"level":"warn","ts":1778841984.0497775,"caller":"crypto/event_processor.go:179","msg":"no active invoice for wallet","wallet_id":"019e2b3e-9c31-7bfb-af73-b3acc510be2a","address":"TTestWalletAddress123","tx_hash":"0xtesthash_019e2b3e"}
FAIL
FAIL	metapus/internal/domain/crypto	0.227s
FAIL
